using EdjCase.ICP.Agent.Agents;
using EdjCase.ICP.Candid.Models;
using EdjCase.ICP.Agent.Identities;
using EdjCase.ICP.Candid;
using System.Threading.Tasks;
using System.Collections.Generic;

namespace Test
{
	public class AnonymousTuplesApiClient
	{
		public IAgent Agent { get; }
		public Principal CanisterId { get; }
		public IIdentity Identity { get; set; }
		public CandidConverter Converter { get; }

		public AnonymousTuplesApiClient(IAgent agent, Principal canisterId, IIdentity identity = default, CandidConverter converter = default)
		{
			this.Agent = agent;
			this.CanisterId = canisterId;
			this.Identity = identity;
			this.Converter = converter;
		}

		public async Task<Dictionary<UnboundedUInt, List<Principal>>> A()
		{
			CandidArg arg = CandidArg.FromCandid();
			CandidArg reply = await this.Agent.QueryAsync(this.CanisterId, "a", arg, identity: this.Identity);
			return reply.ToObjects<Dictionary<UnboundedUInt, List<Principal>>>(this.Converter);
		}

		public async Task<Dictionary<string, string>> B()
		{
			CandidArg arg = CandidArg.FromCandid();
			CandidArg reply = await this.Agent.QueryAsync(this.CanisterId, "b", arg, identity: this.Identity);
			return reply.ToObjects<Dictionary<string, string>>(this.Converter);
		}
	}
}
