using EdjCase.ICP.Agent.Agents;
using EdjCase.ICP.Candid.Models;
using EdjCase.ICP.Candid;
using System.Threading.Tasks;
using Test;

namespace Test
{
	public class DuplicatePropertyNamesApiClient
	{
		public IAgent Agent { get; }
		public Principal CanisterId { get; }
		public CandidConverter? Converter { get; }

		public DuplicatePropertyNamesApiClient(IAgent agent, Principal canisterId, CandidConverter? converter = default)
		{
			this.Agent = agent;
			this.CanisterId = canisterId;
			this.Converter = converter;
		}

		public async Task<Result> a()
		{
			CandidArg arg = CandidArg.FromCandid();
			CandidArg reply = await this.Agent.QueryAsync(this.CanisterId, "a", arg);
			return reply.ToObjects<Result>(this.Converter);
		}
	}
}

Type File: 'Result'

namespace Test
{
	public class Result
	{
		public ulong a { get; set; }
		public ulong _a { get; set; }

		public Result(ulong a, ulong _a)
		{
			this.a = a;
			this._a = _a;
		}

		public Result()
		{
		}
	}
}
