using EdjCase.ICP.Agent.Agents;
using EdjCase.ICP.Candid.Models;
using EdjCase.ICP.Agent.Identities;
using EdjCase.ICP.Candid;
using System.Threading.Tasks;
using Test;

namespace Test
{
	public class FuncTypeApiClient
	{
		public IAgent Agent { get; }
		public Principal CanisterId { get; }
		public IIdentity Identity { get; set; }
		public CandidConverter Converter { get; }

		public FuncTypeApiClient(IAgent agent, Principal canisterId, IIdentity identity = default, CandidConverter converter = default)
		{
			this.Agent = agent;
			this.CanisterId = canisterId;
			this.Identity = identity;
			this.Converter = converter;
		}

		public async Task<Models.Result> A()
		{
			CandidArg arg = CandidArg.FromCandid();
			CandidArg reply = await this.Agent.QueryAsync(this.CanisterId, "a", arg, identity: this.Identity);
			return reply.ToObjects<Models.Result>(this.Converter);
		}
	}
}

Type File: 'Result'

using EdjCase.ICP.Candid.Mapping;
using EdjCase.ICP.Candid.Models.Values;

namespace Test.Models
{
	public class Result
	{
		[CandidName("callback")]
		[CandidTypeDefinition("( ) -> ( )")]
		public CandidFunc Callback { get; set; }

		public Result(CandidFunc callback)
		{
			this.Callback = callback;
		}

		public Result()
		{
		}
	}
}
